{"level":"info","message":"Server is running on http://localhost:3001","timestamp":"2024-10-18T23:52:57.633Z"}
{"level":"info","message":"Server is running on http://localhost:3001","timestamp":"2024-10-18T23:53:26.112Z"}
{"level":"info","message":"Request Body: {\"fullname\":\"Ishan Anjana\",\"useremail\":\"ishan@gmail.com\",\"telephone\":\"0751235728\",\"password\":\"199917Ia\"}","timestamp":"2024-10-19T00:10:49.254Z"}
{"level":"info","message":"Hashed Password: $2b$10$c3bOS983ThR9Fu3xd03uQ.M7O85K7i5OfHiPYjlL916SAQ9.eEV0a","timestamp":"2024-10-19T00:10:49.375Z"}
{"level":"info","message":"User registered successfully: Ishan Anjana (ishan@gmail.com)","timestamp":"2024-10-19T00:10:49.386Z"}
{"level":"warn","message":"Unauthorized access attempt to update password.","timestamp":"2024-10-19T04:08:39.901Z"}
{"level":"warn","message":"Unauthorized access attempt to update password.","timestamp":"2024-10-19T04:08:41.273Z"}
{"level":"warn","message":"Unauthorized access attempt to update password.","timestamp":"2024-10-19T04:15:04.004Z"}
{"level":"warn","message":"Unauthorized access attempt to update password.","timestamp":"2024-10-19T04:15:05.186Z"}
{"level":"warn","message":"Unauthorized access attempt to update password.","timestamp":"2024-10-19T04:15:05.571Z"}
{"level":"warn","message":"Unauthorized access attempt to update password.","timestamp":"2024-10-19T04:15:05.832Z"}
{"level":"warn","message":"Unauthorized access attempt to update password.","timestamp":"2024-10-19T04:15:06.021Z"}
{"level":"warn","message":"Unauthorized access attempt to update password.","timestamp":"2024-10-19T04:15:06.195Z"}
{"level":"warn","message":"Unauthorized access attempt to update password.","timestamp":"2024-10-19T04:15:06.385Z"}
{"level":"warn","message":"Unauthorized access attempt to update password.","timestamp":"2024-10-19T04:15:06.540Z"}
{"level":"info","message":"Request Body: {\"fullname\":\"Sandini Perera\",\"useremail\":\"sandini@gmail.com\",\"telephone\":\"0715224946\",\"password\":\"200284Sp\"}","timestamp":"2024-10-19T07:00:46.828Z"}
{"level":"info","message":"Hashed Password: $2b$10$wmrvTRIFRsdxAce4QEyV4.tteqFTHJPtqUuYwhhybyEr308fpETE6","timestamp":"2024-10-19T07:00:47.048Z"}
{"level":"info","message":"User registered successfully: Sandini Perera (sandini@gmail.com)","timestamp":"2024-10-19T07:00:47.070Z"}
{"level":"info","message":"Request Body: {\"fullname\":\"Ganguli Pehara\",\"useremail\":\"ganguli55@gmail.com\",\"telephone\":\"0711888607\",\"password\":\"20020904Mat\"}","timestamp":"2024-10-19T08:36:33.239Z"}
{"level":"info","message":"Hashed Password: $2b$10$lKahIPsKmmfzAXTvkGmCYuoxtXM/zTBNJK9KBBK8ITJErvrUg98yS","timestamp":"2024-10-19T08:36:33.472Z"}
{"level":"info","message":"User registered successfully: Ganguli Pehara (ganguli55@gmail.com)","timestamp":"2024-10-19T08:36:33.487Z"}
{"level":"info","message":"Request Body: {\"fullname\":\"sanzana\",\"useremail\":\"sanzana@test.com\",\"telephone\":\"0712345678\",\"password\":\"qwerty123\"}","timestamp":"2025-04-13T19:34:31.542Z"}
{"level":"info","message":"Hashed Password: $2b$10$y1rcpNfyohhso4TLMkDgo.jVQVX5MykjlOsTkYx2HOlck406ZrtUm","timestamp":"2025-04-13T19:34:31.762Z"}
{"level":"info","message":"User registered successfully: sanzana (sanzana@test.com)","timestamp":"2025-04-13T19:34:31.783Z"}
{"level":"info","message":"Request Body: {\"fullname\":\"sanzana\",\"useremail\":\"tester@test.com\",\"telephone\":\"0712345678\",\"password\":\"tester123\"}","timestamp":"2025-04-13T19:38:09.605Z"}
{"level":"info","message":"Hashed Password: $2b$10$bh/aTAoc1PXTnPmHzhA2Te0Dfi3zMcsk5u2FeJRHKgpfwW3rsrHpG","timestamp":"2025-04-13T19:38:09.788Z"}
{"level":"info","message":"User registered successfully: sanzana (tester@test.com)","timestamp":"2025-04-13T19:38:09.791Z"}
{"level":"info","message":"Request Body: {\"fullname\":\"test\",\"useremail\":\"tester@test.com\",\"telephone\":\"0723456789\",\"password\":\"tester1234\"}","timestamp":"2025-04-13T19:50:58.243Z"}
{"level":"info","message":"Hashed Password: $2b$10$KsoiLLL759Ljj9tjRC0Yoe4RD9LMnc96g.nma.fTb.TB7eCN9PMwi","timestamp":"2025-04-13T19:50:58.459Z"}
{"level":"info","message":"User registered successfully: test (tester@test.com)","timestamp":"2025-04-13T19:50:58.466Z"}
{"level":"info","message":"Request Body: {\"fullname\":\"tester\",\"useremail\":\"tester1@test.com\",\"telephone\":\"0712345678\",\"password\":\"tester12345\"}","timestamp":"2025-04-13T19:55:29.784Z"}
{"level":"info","message":"Hashed Password: $2b$10$jWK8LLJcypdjnsG7ZskaNepsAn1j7Vh6V7AhpCUN2DwMj2Y6aJ.Qu","timestamp":"2025-04-13T19:55:29.986Z"}
{"level":"info","message":"User registered successfully: tester (tester1@test.com)","timestamp":"2025-04-13T19:55:29.993Z"}
{"level":"info","message":"Request Body: {\"fullname\":\"tester\",\"useremail\":\"tester1@test.com\",\"telephone\":\"0712345678\",\"password\":\"tester123\"}","timestamp":"2025-04-13T20:30:12.475Z"}
{"level":"info","message":"Hashed Password: $2b$10$NIySQ0fDxRzrEZcmOhvRjOsChTQQWfjP9YwUB.hIEv96BZeNDkxPK","timestamp":"2025-04-13T20:30:12.543Z"}
{"level":"info","message":"User registered successfully: tester (tester1@test.com)","timestamp":"2025-04-13T20:30:12.546Z"}
{"level":"warn","message":"Unauthorized access attempt to update password.","timestamp":"2025-04-13T20:35:33.247Z"}
{"level":"warn","message":"Unauthorized access attempt to update password.","timestamp":"2025-04-13T20:35:45.915Z"}
{"level":"warn","message":"Unauthorized access attempt to update password.","timestamp":"2025-04-13T20:35:47.496Z"}
{"level":"warn","message":"Unauthorized access attempt to update password.","timestamp":"2025-04-13T20:35:47.667Z"}
{"level":"warn","message":"Unauthorized access attempt to update password.","timestamp":"2025-04-13T20:35:47.852Z"}
{"level":"warn","message":"Unauthorized access attempt to update password.","timestamp":"2025-04-13T20:35:48.033Z"}
{"level":"warn","message":"Unauthorized access attempt to update password.","timestamp":"2025-04-13T20:35:48.230Z"}
{"level":"warn","message":"Unauthorized access attempt to update password.","timestamp":"2025-04-13T20:35:48.418Z"}
{"level":"warn","message":"Unauthorized access attempt to update password.","timestamp":"2025-04-13T20:35:48.598Z"}
{"level":"warn","message":"Unauthorized access attempt to update password.","timestamp":"2025-04-13T20:35:48.773Z"}
{"level":"info","message":"Request Body: {\"fullname\":\"sanzana\",\"useremail\":\"sanz29@gmail.com\",\"telephone\":\"0712345678\",\"password\":\"12345678\"}","timestamp":"2025-04-13T20:43:15.197Z"}
{"level":"info","message":"Hashed Password: $2b$10$UpFeDv.cwYJkuPRUJX2e4eLgQW9OGFxdIQJP2ykpk6tyRjaJ96Kyu","timestamp":"2025-04-13T20:43:15.292Z"}
{"level":"info","message":"User registered successfully: sanzana (sanz29@gmail.com)","timestamp":"2025-04-13T20:43:15.295Z"}
{"level":"warn","message":"Unauthorized access attempt to update password.","timestamp":"2025-04-13T20:47:20.977Z"}
{"level":"warn","message":"Unauthorized access attempt to update password.","timestamp":"2025-04-13T20:47:23.458Z"}
